ethsign circuit
--
Gates & Instructions
├─ Number of gates: 214,965
└─ Number of evaluation instructions: 250,294

Constraints
├─ ZERO constraints: 21,342 used (65.1% of 2^15)
│  [▓▓▓▓▓▓░░░░] spare: 11,426
├─ AND constraints: 113,992 used (87.0% of 2^17)
│  [▓▓▓▓▓▓▓▓░░] spare: 17,080
├─ IMUL constraints: 20,538 used (62.7% of 2^15)
│  [▓▓▓▓▓▓░░░░] spare: 12,230
├─ BMUL constraints: 23,874 used (72.9% of 2^15)
│  [▓▓▓▓▓▓▓░░░] spare: 8,894
└─ Distinct value indices: 387,895
   ├─ Distinct shifted value indices: 198,554
   └─ Distinct unshifted value indices: 189,341

Value Vector
├─ Public Section: 114 (not committed)
│  ├─ Constants: 85
│  └─ Inout: 29
├─ Private Section: 189,236
│  ├─ Witness: 0
│  └─ Internal: 189,236
├─ Committed Trace: 189,236 used (72.2% of 2^18)
│  [▓▓▓▓▓▓▓░░░] spare: 72,908
└─ Scratch (uncommitted): 256 (peak live: 256)

