sha256 circuit
--
Gates & Instructions
├─ Number of gates: 20,312
└─ Number of evaluation instructions: 20,312

Constraints
├─ ZERO constraints: 1,759 used (85.9% of 2^11)
│  [▓▓▓▓▓▓▓▓░░] spare: 289
├─ AND constraints: 6,503 used (79.4% of 2^13)
│  [▓▓▓▓▓▓▓░░░] spare: 1,689
├─ IMUL constraints: 0 used (0.0% of 0)
│  [░░░░░░░░░░] spare: 0
├─ BMUL constraints: 0 used (0.0% of 0)
│  [░░░░░░░░░░] spare: 0
└─ Distinct value indices: 20,957
   ├─ Distinct shifted value indices: 12,629
   └─ Distinct unshifted value indices: 8,328

Value Vector
├─ Public Section: 340 (not committed)
│  ├─ Constants: 76
│  └─ Inout: 264
├─ Private Section: 8,254
│  ├─ Witness: 0
│  └─ Internal: 8,254
├─ Committed Trace: 8,254 used (50.4% of 2^14)
│  [▓▓▓▓▓░░░░░] spare: 8,130
└─ Scratch (uncommitted): 30 (peak live: 30)

